// Jest Snapshot v1, https://goo.gl/fbAQLP

exports[`AddCategory Test Test 1 - Enzyme: AddCategory should be render correctly 1`] = `
<form
  onSubmit={[Function]}
>
  <p />
  <input
    onChange={[Function]}
    type="text"
    value=""
  />
</form>
`;
